==> Downloading Homebrew API data
✔︎ JSON API packages.x86_64_linux.jws.json
==> Downloading bottle manifests
✔︎ Bottle Manifest openjdk@25 (25.0.4.1)
==> Would install 1 formula:
openjdk@25 25.0.4.1
==> Would install 32 dependencies for openjdk@25:
libpng
freetype
giflib
fontconfig
pcre2
dbus
libxcrypt
util-linux
glib
xorgproto
libxau
libxdmcp
libxcb
libx11
libxext
libxrender
lzo
pixman
cairo
graphite2
icu4c@78
harfbuzz
jpeg-turbo
webp
libtiff
little-cms2
alsa-lib
libxfixes
libxi
libxrandr
libxtst
cups
Warning: Landlock ABI 10 or later is required to deny all network access; found ABI 6. Applying the network restrictions supported by this kernel.
==> Fetching downloads for: openjdk@25
✔︎ Bottle Manifest libpng (1.6.59)
✔︎ Bottle libpng (1.6.59)
✔︎ Bottle Manifest freetype (2.14.3)
✔︎ Bottle freetype (2.14.3)
✔︎ Bottle Manifest giflib (6.1.3)
✔︎ Bottle giflib (6.1.3)
✔︎ Bottle Manifest fontconfig (2.18.3)
✔︎ Bottle fontconfig (2.18.3)
✔︎ Bottle Manifest pcre2 (10.49)
✔︎ Bottle pcre2 (10.49)
✔︎ Bottle Manifest dbus (1.16.2_1)
✔︎ Bottle dbus (1.16.2_1)
✔︎ Bottle Manifest libxcrypt (4.5.2)
✔︎ Bottle libxcrypt (4.5.2)
✔︎ Bottle Manifest util-linux (2.42.4)
✔︎ Bottle Manifest glib (2.90.0)
✔︎ Bottle Manifest xorgproto (2026.1)
✔︎ Bottle xorgproto (2026.1)
✔︎ Bottle Manifest libxau (1.0.12)
✔︎ Bottle libxau (1.0.12)
✔︎ Bottle Manifest libxdmcp (1.1.5)
✔︎ Bottle libxdmcp (1.1.5)
✔︎ Bottle Manifest libxcb (1.17.0)
✔︎ Bottle Manifest libx11 (1.8.13)
✔︎ Bottle Manifest libxext (1.3.7)
✔︎ Bottle libxext (1.3.7)
✔︎ Bottle Manifest libxrender (0.9.12)
✔︎ Bottle libxrender (0.9.12)
✔︎ Bottle Manifest lzo (2.10)
✔︎ Bottle lzo (2.10)
✔︎ Bottle Manifest pixman (0.46.4)
✔︎ Bottle Manifest cairo (1.18.6)
✔︎ Bottle Manifest graphite2 (1.3.15)
✔︎ Bottle Manifest icu4c@78 (78.3)
✔︎ Bottle Manifest harfbuzz (14.5.1)
✔︎ Bottle Manifest jpeg-turbo (3.2.0)
✔︎ Bottle cairo (1.18.6)
✔︎ Bottle pixman (0.46.4)
✔︎ Bottle graphite2 (1.3.15)
✔︎ Bottle Manifest webp (1.6.0)
✔︎ Bottle libx11 (1.8.13)
✔︎ Bottle libxcb (1.17.0)
✔︎ Bottle util-linux (2.42.4)
✔︎ Bottle Manifest libxfixes (6.0.2)
✔︎ Bottle Manifest libxrandr (1.5.5)
✔︎ Bottle Manifest little-cms2 (2.19.1)
✔︎ Bottle Manifest libxi (1.8.3)
✔︎ Bottle glib (2.90.0)
✔︎ Bottle Manifest cups (2.4.19)
✔︎ Bottle harfbuzz (14.5.1)
✔︎ Bottle Manifest libxtst (1.2.5)
✔︎ Bottle Manifest libtiff (4.7.2)
✔︎ Bottle Manifest alsa-lib (1.2.16.1_1)
✔︎ Bottle libxfixes (6.0.2)
✔︎ Bottle libxrandr (1.5.5)
✔︎ Bottle libxi (1.8.3)
✔︎ Bottle little-cms2 (2.19.1)
✔︎ Bottle jpeg-turbo (3.2.0)
✔︎ Bottle libxtst (1.2.5)
✔︎ Bottle alsa-lib (1.2.16.1_1)
✔︎ Bottle webp (1.6.0)
✔︎ Bottle icu4c@78 (78.3)
✔︎ Bottle libtiff (4.7.2)
✔︎ Bottle cups (2.4.19)
✔︎ Bottle openjdk@25 (25.0.4.1)
==> Installing dependencies for openjdk@25: libpng, freetype, giflib, fontconfig, pcre2, dbus, libxcrypt, util-linux, glib, xorgproto, libxau, libxdmcp, libxcb, libx11, libxext, libxrender, lzo, pixman, cairo, graphite2, icu4c@78, harfbuzz, jpeg-turbo, webp, libtiff, little-cms2, alsa-lib, libxfixes, libxi, libxrandr, libxtst and cups
==> Installing openjdk@25 dependency: libpng
==> Pouring libpng--1.6.59.x86_64_linux.bottle.tar.gz
🍺  /home/linuxbrew/.linuxbrew/Cellar/libpng/1.6.59: 29 files, 1.5MB
==> Installing openjdk@25 dependency: freetype
==> Pouring freetype--2.14.3.x86_64_linux.bottle.tar.gz
🍺  /home/linuxbrew/.linuxbrew/Cellar/freetype/2.14.3: 69 files, 3.2MB
==> Installing openjdk@25 dependency: giflib
==> Pouring giflib--6.1.3.x86_64_linux.bottle.1.tar.gz
🍺  /home/linuxbrew/.linuxbrew/Cellar/giflib/6.1.3: 44 files, 607.6KB
==> Installing openjdk@25 dependency: fontconfig
==> Pouring fontconfig--2.18.3.x86_64_linux.bottle.tar.gz
🍺  /home/linuxbrew/.linuxbrew/Cellar/fontconfig/2.18.3: 101 files, 2MB
==> Installing openjdk@25 dependency: pcre2
==> Pouring pcre2--10.49.x86_64_linux.bottle.tar.gz
🍺  /home/linuxbrew/.linuxbrew/Cellar/pcre2/10.49: 249 files, 8.4MB
==> Installing openjdk@25 dependency: dbus
==> Pouring dbus--1.16.2_1.x86_64_linux.bottle.tar.gz
🍺  /home/linuxbrew/.linuxbrew/Cellar/dbus/1.16.2_1: 78 files, 2.1MB
==> Installing openjdk@25 dependency: libxcrypt
==> Pouring libxcrypt--4.5.2.x86_64_linux.bottle.tar.gz
🍺  /home/linuxbrew/.linuxbrew/Cellar/libxcrypt/4.5.2: 25 files, 368.8KB
==> Installing openjdk@25 dependency: util-linux
==> Pouring util-linux--2.42.4.x86_64_linux.bottle.tar.gz
🍺  /home/linuxbrew/.linuxbrew/Cellar/util-linux/2.42.4: 461 files, 30.6MB
==> Installing openjdk@25 dependency: glib
==> Pouring glib--2.90.0.x86_64_linux.bottle.tar.gz
🍺  /home/linuxbrew/.linuxbrew/Cellar/glib/2.90.0: 509 files, 42.7MB
==> Installing openjdk@25 dependency: xorgproto
==> Pouring xorgproto--2026.1.x86_64_linux.bottle.tar.gz
🍺  /home/linuxbrew/.linuxbrew/Cellar/xorgproto/2026.1: 268 files, 4.1MB
==> Installing openjdk@25 dependency: libxau
==> Pouring libxau--1.0.12.x86_64_linux.bottle.tar.gz
🍺  /home/linuxbrew/.linuxbrew/Cellar/libxau/1.0.12: 22 files, 115.1KB
==> Installing openjdk@25 dependency: libxdmcp
==> Pouring libxdmcp--1.1.5.x86_64_linux.bottle.tar.gz
🍺  /home/linuxbrew/.linuxbrew/Cellar/libxdmcp/1.1.5: 12 files, 128.7KB
==> Installing openjdk@25 dependency: libxcb
==> Pouring libxcb--1.17.0.x86_64_linux.bottle.1.tar.gz
🍺  /home/linuxbrew/.linuxbrew/Cellar/libxcb/1.17.0: 2,498 files, 7.3MB
==> Installing openjdk@25 dependency: libx11
==> Pouring libx11--1.8.13.x86_64_linux.bottle.1.tar.gz
🍺  /home/linuxbrew/.linuxbrew/Cellar/libx11/1.8.13: 1,050 files, 8.2MB
==> Installing openjdk@25 dependency: libxext
==> Pouring libxext--1.3.7.x86_64_linux.bottle.tar.gz
🍺  /home/linuxbrew/.linuxbrew/Cellar/libxext/1.3.7: 89 files, 491.6KB
==> Installing openjdk@25 dependency: libxrender
==> Pouring libxrender--0.9.12.x86_64_linux.bottle.tar.gz
🍺  /home/linuxbrew/.linuxbrew/Cellar/libxrender/0.9.12: 14 files, 217.4KB
==> Installing openjdk@25 dependency: lzo
==> Pouring lzo--2.10.x86_64_linux.bottle.tar.gz
🍺  /home/linuxbrew/.linuxbrew/Cellar/lzo/2.10: 32 files, 668.8KB
==> Installing openjdk@25 dependency: pixman
==> Pouring pixman--0.46.4.x86_64_linux.bottle.1.tar.gz
🍺  /home/linuxbrew/.linuxbrew/Cellar/pixman/0.46.4: 12 files, 1.8MB
==> Installing openjdk@25 dependency: cairo
==> Pouring cairo--1.18.6.x86_64_linux.bottle.tar.gz
🍺  /home/linuxbrew/.linuxbrew/Cellar/cairo/1.18.6: 56 files, 5.8MB
==> Installing openjdk@25 dependency: graphite2
==> Pouring graphite2--1.3.15.x86_64_linux.bottle.tar.gz
🍺  /home/linuxbrew/.linuxbrew/Cellar/graphite2/1.3.15: 19 files, 297.5KB
==> Installing openjdk@25 dependency: icu4c@78
==> Pouring icu4c@78--78.3.x86_64_linux.bottle.tar.gz
🍺  /home/linuxbrew/.linuxbrew/Cellar/icu4c@78/78.3: 279 files, 94.4MB
==> Installing openjdk@25 dependency: harfbuzz
==> Pouring harfbuzz--14.5.1.x86_64_linux.bottle.tar.gz
🍺  /home/linuxbrew/.linuxbrew/Cellar/harfbuzz/14.5.1: 103 files, 17.2MB
==> Installing openjdk@25 dependency: jpeg-turbo
==> Pouring jpeg-turbo--3.2.0.x86_64_linux.bottle.1.tar.gz
🍺  /home/linuxbrew/.linuxbrew/Cellar/jpeg-turbo/3.2.0: 47 files, 5.9MB
==> Installing openjdk@25 dependency: webp
==> Pouring webp--1.6.0.x86_64_linux.bottle.1.tar.gz
🍺  /home/linuxbrew/.linuxbrew/Cellar/webp/1.6.0: 63 files, 3.3MB
==> Installing openjdk@25 dependency: libtiff
==> Pouring libtiff--4.7.2.x86_64_linux.bottle.2.tar.gz
🍺  /home/linuxbrew/.linuxbrew/Cellar/libtiff/4.7.2: 495 files, 9.0MB
==> Installing openjdk@25 dependency: little-cms2
==> Pouring little-cms2--2.19.1.x86_64_linux.bottle.1.tar.gz
🍺  /home/linuxbrew/.linuxbrew/Cellar/little-cms2/2.19.1: 24 files, 1.6MB
==> Installing openjdk@25 dependency: alsa-lib
==> Pouring alsa-lib--1.2.16.1_1.x86_64_linux.bottle.tar.gz
🍺  /home/linuxbrew/.linuxbrew/Cellar/alsa-lib/1.2.16.1_1: 147 files, 2.4MB
==> Installing openjdk@25 dependency: libxfixes
==> Pouring libxfixes--6.0.2.x86_64_linux.bottle.tar.gz
🍺  /home/linuxbrew/.linuxbrew/Cellar/libxfixes/6.0.2: 14 files, 122.5KB
==> Installing openjdk@25 dependency: libxi
==> Pouring libxi--1.8.3.x86_64_linux.bottle.tar.gz
🍺  /home/linuxbrew/.linuxbrew/Cellar/libxi/1.8.3: 87 files, 775.9KB
==> Installing openjdk@25 dependency: libxrandr
==> Pouring libxrandr--1.5.5.x86_64_linux.bottle.tar.gz
🍺  /home/linuxbrew/.linuxbrew/Cellar/libxrandr/1.5.5: 28 files, 233KB
==> Installing openjdk@25 dependency: libxtst
==> Pouring libxtst--1.2.5.x86_64_linux.bottle.tar.gz
🍺  /home/linuxbrew/.linuxbrew/Cellar/libxtst/1.2.5: 24 files, 144.3KB
==> Installing openjdk@25 dependency: cups
==> Pouring cups--2.4.19.x86_64_linux.bottle.tar.gz
🍺  /home/linuxbrew/.linuxbrew/Cellar/cups/2.4.19: 122 files, 10MB
==> Installing openjdk@25
==> Pouring openjdk@25--25.0.4.1.x86_64_linux.bottle.tar.gz
🍺  /home/linuxbrew/.linuxbrew/Cellar/openjdk@25/25.0.4.1: 553 files, 402.0MB
