==> Downloading Homebrew API data
✔︎ JSON API packages.x86_64_linux.jws.json
==> Downloading bottle manifests
✔︎ Bottle Manifest openjdk@25 (25.0.4.1)
==> Would install 1 formula:
openjdk@25 25.0.4.1
==> Would install 32 dependencies for openjdk@25:
libpng
freetype
giflib
fontconfig
pcre2
dbus
libxcrypt
util-linux
glib
xorgproto
libxau
libxdmcp
libxcb
libx11
libxext
libxrender
lzo
pixman
cairo
graphite2
icu4c@78
harfbuzz
jpeg-turbo
webp
libtiff
little-cms2
alsa-lib
libxfixes
libxi
libxrandr
libxtst
cups
==> Would upgrade 7 dependencies for openjdk@25:
expat
readline
sqlite
libffi
ca-certificates
openssl@3
python@3.14
Warning: Landlock ABI 10 or later is required to deny all network access; found ABI 6. Applying the network restrictions supported by this kernel.
==> Fetching downloads for: openjdk@25
✔︎ Bottle Manifest libpng (1.6.59)
✔︎ Bottle libpng (1.6.59)
✔︎ Bottle Manifest freetype (2.14.3)
✔︎ Bottle freetype (2.14.3)
✔︎ Bottle Manifest giflib (6.1.3)
✔︎ Bottle giflib (6.1.3)
✔︎ Bottle Manifest expat (2.8.5)
✔︎ Bottle expat (2.8.5)
✔︎ Bottle Manifest fontconfig (2.18.3)
✔︎ Bottle fontconfig (2.18.3)
✔︎ Bottle Manifest pcre2 (10.49)
✔︎ Bottle pcre2 (10.49)
✔︎ Bottle Manifest dbus (1.16.2_1)
✔︎ Bottle dbus (1.16.2_1)
✔︎ Bottle Manifest readline (8.3.6)
✔︎ Bottle readline (8.3.6)
✔︎ Bottle Manifest libxcrypt (4.5.2)
✔︎ Bottle libxcrypt (4.5.2)
✔︎ Bottle Manifest sqlite (3.53.4)
✔︎ Bottle sqlite (3.53.4)
✔︎ Bottle Manifest util-linux (2.42.4)
✔︎ Bottle Manifest libffi (3.8.0)
✔︎ Bottle libffi (3.8.0)
✔︎ Bottle Manifest ca-certificates (2026-09-25)
✔︎ Bottle ca-certificates (2026-09-25)
✔︎ Bottle Manifest openssl@3 (3.6.5)
✔︎ Bottle Manifest python@3.14 (3.14.8)
✔︎ Bottle Manifest glib (2.90.0)
✔︎ Bottle Manifest xorgproto (2026.1)
✔︎ Bottle xorgproto (2026.1)
✔︎ Bottle Manifest libxau (1.0.12)
✔︎ Bottle libxau (1.0.12)
✔︎ Bottle Manifest libxdmcp (1.1.5)
✔︎ Bottle libxdmcp (1.1.5)
✔︎ Bottle Manifest libxcb (1.17.0)
✔︎ Bottle Manifest libx11 (1.8.13)
✔︎ Bottle Manifest libxext (1.3.7)
✔︎ Bottle libxext (1.3.7)
✔︎ Bottle Manifest libxrender (0.9.12)
✔︎ Bottle libxrender (0.9.12)
✔︎ Bottle Manifest lzo (2.10)
✔︎ Bottle lzo (2.10)
✔︎ Bottle Manifest pixman (0.46.4)
✔︎ Bottle pixman (0.46.4)
✔︎ Bottle Manifest cairo (1.18.6)
✔︎ Bottle Manifest graphite2 (1.3.15)
✔︎ Bottle Manifest icu4c@78 (78.3)
✔︎ Bottle Manifest harfbuzz (14.5.1)
✔︎ Bottle Manifest jpeg-turbo (3.2.0)
✔︎ Bottle Manifest webp (1.6.0)
✔︎ Bottle cairo (1.18.6)
✔︎ Bottle Manifest alsa-lib (1.2.16.1_1)
✔︎ Bottle graphite2 (1.3.15)
✔︎ Bottle Manifest libtiff (4.7.2)
✔︎ Bottle libx11 (1.8.13)
✔︎ Bottle Manifest little-cms2 (2.19.1)
✔︎ Bottle Manifest libxfixes (6.0.2)
✔︎ Bottle Manifest libxi (1.8.3)
✔︎ Bottle libxcb (1.17.0)
✔︎ Bottle Manifest libxrandr (1.5.5)
✔︎ Bottle Manifest cups (2.4.19)
✔︎ Bottle util-linux (2.42.4)
✔︎ Bottle Manifest libxtst (1.2.5)
✔︎ Bottle openssl@3 (3.6.5)
✔︎ Bottle glib (2.90.0)
✔︎ Bottle python@3.14 (3.14.8)
✔︎ Bottle libxfixes (6.0.2)
✔︎ Bottle libxrandr (1.5.5)
✔︎ Bottle libxtst (1.2.5)
✔︎ Bottle libxi (1.8.3)
✔︎ Bottle little-cms2 (2.19.1)
✔︎ Bottle libtiff (4.7.2)
✔︎ Bottle alsa-lib (1.2.16.1_1)
✔︎ Bottle harfbuzz (14.5.1)
✔︎ Bottle jpeg-turbo (3.2.0)
✔︎ Bottle cups (2.4.19)
✔︎ Bottle webp (1.6.0)
✔︎ Bottle icu4c@78 (78.3)
✔︎ Bottle openjdk@25 (25.0.4.1)
==> Installing dependencies for openjdk@25: libpng, freetype, giflib, expat, fontconfig, pcre2, dbus, libxcrypt, sqlite, util-linux, libffi, ca-certificates, openssl@3, python@3.14, glib, xorgproto, libxau, libxdmcp, libxcb, libx11, libxext, libxrender, lzo, pixman, cairo, graphite2, icu4c@78, harfbuzz, jpeg-turbo, webp, libtiff, little-cms2, alsa-lib, libxfixes, libxi, libxrandr, libxtst and cups
==> Installing openjdk@25 dependency: libpng
==> Pouring libpng--1.6.59.x86_64_linux.bottle.tar.gz
🍺  /home/linuxbrew/.linuxbrew/Cellar/libpng/1.6.59: 29 files, 1.5MB
==> Installing openjdk@25 dependency: freetype
==> Pouring freetype--2.14.3.x86_64_linux.bottle.tar.gz
🍺  /home/linuxbrew/.linuxbrew/Cellar/freetype/2.14.3: 69 files, 3.2MB
==> Installing openjdk@25 dependency: giflib
==> Pouring giflib--6.1.3.x86_64_linux.bottle.1.tar.gz
🍺  /home/linuxbrew/.linuxbrew/Cellar/giflib/6.1.3: 44 files, 607.6KB
==> Upgrading openjdk@25 dependency: expat
==> Pouring expat--2.8.5.x86_64_linux.bottle.tar.gz
🍺  /home/linuxbrew/.linuxbrew/Cellar/expat/2.8.5: 23 files, 910.8KB
==> Installing openjdk@25 dependency: fontconfig
==> Pouring fontconfig--2.18.3.x86_64_linux.bottle.tar.gz
🍺  /home/linuxbrew/.linuxbrew/Cellar/fontconfig/2.18.3: 101 files, 2MB
==> Installing openjdk@25 dependency: pcre2
==> Pouring pcre2--10.49.x86_64_linux.bottle.tar.gz
🍺  /home/linuxbrew/.linuxbrew/Cellar/pcre2/10.49: 249 files, 8.4MB
==> Installing openjdk@25 dependency: dbus
==> Pouring dbus--1.16.2_1.x86_64_linux.bottle.tar.gz
🍺  /home/linuxbrew/.linuxbrew/Cellar/dbus/1.16.2_1: 78 files, 2.1MB
==> Installing openjdk@25 dependency: libxcrypt
==> Pouring libxcrypt--4.5.2.x86_64_linux.bottle.tar.gz
🍺  /home/linuxbrew/.linuxbrew/Cellar/libxcrypt/4.5.2: 25 files, 368.8KB
==> Upgrading openjdk@25 dependency: sqlite
==> Pouring sqlite--3.53.4.x86_64_linux.bottle.1.tar.gz
🍺  /home/linuxbrew/.linuxbrew/Cellar/sqlite/3.53.4: 13 files, 6.8MB
==> Installing openjdk@25 dependency: util-linux
==> Upgrading util-linux dependency: readline
==> Pouring readline--8.3.6.x86_64_linux.bottle.tar.gz
🍺  /home/linuxbrew/.linuxbrew/Cellar/readline/8.3.6: 56 files, 3MB
==> Installing util-linux
==> Pouring util-linux--2.42.4.x86_64_linux.bottle.tar.gz
🍺  /home/linuxbrew/.linuxbrew/Cellar/util-linux/2.42.4: 461 files, 30.6MB
==> Upgrading openjdk@25 dependency: libffi
==> Pouring libffi--3.8.0.x86_64_linux.bottle.tar.gz
🍺  /home/linuxbrew/.linuxbrew/Cellar/libffi/3.8.0: 19 files, 968.7KB
==> Upgrading openjdk@25 dependency: ca-certificates
==> Pouring ca-certificates--2026-09-25.all.bottle.tar.gz
🍺  /home/linuxbrew/.linuxbrew/Cellar/ca-certificates/2026-09-25: 5 files, 204.0KB
==> Upgrading openjdk@25 dependency: openssl@3
==> Pouring openssl@3--3.6.5.x86_64_linux.bottle.tar.gz
🍺  /home/linuxbrew/.linuxbrew/Cellar/openssl@3/3.6.5: 7,652 files, 42.8MB
==> Upgrading openjdk@25 dependency: python@3.14
==> Pouring python@3.14--3.14.8.x86_64_linux.bottle.1.tar.gz
Error: The `brew link` step did not complete successfully
The formula built, but is not symlinked into /home/linuxbrew/.linuxbrew
Could not symlink bin/pip3.14
Target /home/linuxbrew/.linuxbrew/bin/pip3.14
already exists. You may want to remove it:
  rm '/home/linuxbrew/.linuxbrew/bin/pip3.14'

To force the link and overwrite all conflicting files:
  brew link --overwrite python@3.14

To list all files that would be deleted:
  brew link --overwrite python@3.14 --dry-run

Possible conflicting files are:
/home/linuxbrew/.linuxbrew/bin/pip3.14
/home/linuxbrew/.linuxbrew/lib/python3.14/site-packages/pip/__init__.py
/home/linuxbrew/.linuxbrew/lib/python3.14/site-packages/pip/__main__.py
/home/linuxbrew/.linuxbrew/lib/python3.14/site-packages/pip/__pip-runner__.py
/home/linuxbrew/.linuxbrew/lib/python3.14/site-packages/pip/_internal/__init__.py
/home/linuxbrew/.linuxbrew/lib/python3.14/site-packages/pip/_internal/cache.py
/home/linuxbrew/.linuxbrew/lib/python3.14/site-packages/pip/_internal/cli/__init__.py
/home/linuxbrew/.linuxbrew/lib/python3.14/site-packages/pip/_internal/cli/autocompletion.py
/home/linuxbrew/.linuxbrew/lib/python3.14/site-packages/pip/_internal/cli/base_command.py
/home/linuxbrew/.linuxbrew/lib/python3.14/site-packages/pip/_internal/cli/cmdoptions.py
/home/linuxbrew/.linuxbrew/lib/python3.14/site-packages/pip/_internal/cli/command_context.py
/home/linuxbrew/.linuxbrew/lib/python3.14/site-packages/pip/_internal/cli/index_command.py
/home/linuxbrew/.linuxbrew/lib/python3.14/site-packages/pip/_internal/cli/main.py
/home/linuxbrew/.linuxbrew/lib/python3.14/site-packages/pip/_internal/cli/main_parser.py
/home/linuxbrew/.linuxbrew/lib/python3.14/site-packages/pip/_internal/cli/parser.py
/home/linuxbrew/.linuxbrew/lib/python3.14/site-packages/pip/_internal/cli/progress_bars.py
/home/linuxbrew/.linuxbrew/lib/python3.14/site-packages/pip/_internal/cli/req_command.py
/home/linuxbrew/.linuxbrew/lib/python3.14/site-packages/pip/_internal/cli/spinners.py
/home/linuxbrew/.linuxbrew/lib/python3.14/site-packages/pip/_internal/cli/status_codes.py
/home/linuxbrew/.linuxbrew/lib/python3.14/site-packages/pip/_internal/commands/__init__.py
/home/linuxbrew/.linuxbrew/lib/python3.14/site-packages/pip/_internal/commands/cache.py
/home/linuxbrew/.linuxbrew/lib/python3.14/site-packages/pip/_internal/commands/check.py
/home/linuxbrew/.linuxbrew/lib/python3.14/site-packages/pip/_internal/commands/completion.py
/home/linuxbrew/.linuxbrew/lib/python3.14/site-packages/pip/_internal/commands/configuration.py
/home/linuxbrew/.linuxbrew/lib/python3.14/site-packages/pip/_internal/commands/debug.py
/home/linuxbrew/.linuxbrew/lib/python3.14/site-packages/pip/_internal/commands/download.py
/home/linuxbrew/.linuxbrew/lib/python3.14/site-packages/pip/_internal/commands/freeze.py
/home/linuxbrew/.linuxbrew/lib/python3.14/site-packages/pip/_internal/commands/hash.py
/home/linuxbrew/.linuxbrew/lib/python3.14/site-packages/pip/_internal/commands/help.py
/home/linuxbrew/.linuxbrew/lib/python3.14/site-packages/pip/_internal/commands/index.py
/home/linuxbrew/.linuxbrew/lib/python3.14/site-packages/pip/_internal/commands/inspect.py
/home/linuxbrew/.linuxbrew/lib/python3.14/site-packages/pip/_internal/commands/install.py
/home/linuxbrew/.linuxbrew/lib/python3.14/site-packages/pip/_internal/commands/list.py
/home/linuxbrew/.linuxbrew/lib/python3.14/site-packages/pip/_internal/commands/lock.py
/home/linuxbrew/.linuxbrew/lib/python3.14/site-packages/pip/_internal/commands/search.py
/home/linuxbrew/.linuxbrew/lib/python3.14/site-packages/pip/_internal/commands/show.py
/home/linuxbrew/.linuxbrew/lib/python3.14/site-packages/pip/_internal/commands/uninstall.py
/home/linuxbrew/.linuxbrew/lib/python3.14/site-packages/pip/_internal/commands/wheel.py
/home/linuxbrew/.linuxbrew/lib/python3.14/site-packages/pip/_internal/configuration.py
/home/linuxbrew/.linuxbrew/lib/python3.14/site-packages/pip/_internal/distributions/__init__.py
/home/linuxbrew/.linuxbrew/lib/python3.14/site-packages/pip/_internal/distributions/base.py
/home/linuxbrew/.linuxbrew/lib/python3.14/site-packages/pip/_internal/distributions/installed.py
/home/linuxbrew/.linuxbrew/lib/python3.14/site-packages/pip/_internal/distributions/sdist.py
/home/linuxbrew/.linuxbrew/lib/python3.14/site-packages/pip/_internal/distributions/wheel.py
/home/linuxbrew/.linuxbrew/lib/python3.14/site-packages/pip/_internal/exceptions.py
/home/linuxbrew/.linuxbrew/lib/python3.14/site-packages/pip/_internal/index/__init__.py
/home/linuxbrew/.linuxbrew/lib/python3.14/site-packages/pip/_internal/index/collector.py
/home/linuxbrew/.linuxbrew/lib/python3.14/site-packages/pip/_internal/index/package_finder.py
/home/linuxbrew/.linuxbrew/lib/python3.14/site-packages/pip/_internal/index/sources.py
/home/linuxbrew/.linuxbrew/lib/python3.14/site-packages/pip/_internal/locations/__init__.py
/home/linuxbrew/.linuxbrew/lib/python3.14/site-packages/pip/_internal/locations/_distutils.py
/home/linuxbrew/.linuxbrew/lib/python3.14/site-packages/pip/_internal/locations/_sysconfig.py
/home/linuxbrew/.linuxbrew/lib/python3.14/site-packages/pip/_internal/locations/base.py
/home/linuxbrew/.linuxbrew/lib/python3.14/site-packages/pip/_internal/main.py
/home/linuxbrew/.linuxbrew/lib/python3.14/site-packages/pip/_internal/metadata/__init__.py
/home/linuxbrew/.linuxbrew/lib/python3.14/site-packages/pip/_internal/metadata/_json.py
/home/linuxbrew/.linuxbrew/lib/python3.14/site-packages/pip/_internal/metadata/base.py
/home/linuxbrew/.linuxbrew/lib/python3.14/site-packages/pip/_internal/metadata/importlib/__init__.py
/home/linuxbrew/.linuxbrew/lib/python3.14/site-packages/pip/_internal/metadata/importlib/_compat.py
/home/linuxbrew/.linuxbrew/lib/python3.14/site-packages/pip/_internal/metadata/importlib/_dists.py
/home/linuxbrew/.linuxbrew/lib/python3.14/site-packages/pip/_internal/metadata/importlib/_envs.py
/home/linuxbrew/.linuxbrew/lib/python3.14/site-packages/pip/_internal/metadata/pkg_resources.py
/home/linuxbrew/.linuxbrew/lib/python3.14/site-packages/pip/_internal/models/__init__.py
/home/linuxbrew/.linuxbrew/lib/python3.14/site-packages/pip/_internal/models/candidate.py
/home/linuxbrew/.linuxbrew/lib/python3.14/site-packages/pip/_internal/models/direct_url.py
/home/linuxbrew/.linuxbrew/lib/python3.14/site-packages/pip/_internal/models/format_control.py
/home/linuxbrew/.linuxbrew/lib/python3.14/site-packages/pip/_internal/models/index.py
/home/linuxbrew/.linuxbrew/lib/python3.14/site-packages/pip/_internal/models/installation_report.py
/home/linuxbrew/.linuxbrew/lib/python3.14/site-packages/pip/_internal/models/link.py
/home/linuxbrew/.linuxbrew/lib/python3.14/site-packages/pip/_internal/models/release_control.py
/home/linuxbrew/.linuxbrew/lib/python3.14/site-packages/pip/_internal/models/scheme.py
/home/linuxbrew/.linuxbrew/lib/python3.14/site-packages/pip/_internal/models/search_scope.py
/home/linuxbrew/.linuxbrew/lib/python3.14/site-packages/pip/_internal/models/selection_prefs.py
/home/linuxbrew/.linuxbrew/lib/python3.14/site-packages/pip/_internal/models/target_python.py
/home/linuxbrew/.linuxbrew/lib/python3.14/site-packages/pip/_internal/models/wheel.py
/home/linuxbrew/.linuxbrew/lib/python3.14/site-packages/pip/_internal/network/__init__.py
/home/linuxbrew/.linuxbrew/lib/python3.14/site-packages/pip/_internal/network/auth.py
/home/linuxbrew/.linuxbrew/lib/python3.14/site-packages/pip/_internal/network/cache.py
/home/linuxbrew/.linuxbrew/lib/python3.14/site-packages/pip/_internal/network/download.py
/home/linuxbrew/.linuxbrew/lib/python3.14/site-packages/pip/_internal/network/lazy_wheel.py
/home/linuxbrew/.linuxbrew/lib/python3.14/site-packages/pip/_internal/network/session.py
/home/linuxbrew/.linuxbrew/lib/python3.14/site-packages/pip/_internal/network/utils.py
/home/linuxbrew/.linuxbrew/lib/python3.14/site-packages/pip/_internal/network/xmlrpc.py
/home/linuxbrew/.linuxbrew/lib/python3.14/site-packages/pip/_internal/operations/__init__.py
/home/linuxbrew/.linuxbrew/lib/python3.14/site-packages/pip/_internal/operations/build/__init__.py
/home/linuxbrew/.linuxbrew/lib/python3.14/site-packages/pip/_internal/operations/build/build_tracker.py
/home/linuxbrew/.linuxbrew/lib/python3.14/site-packages/pip/_internal/operations/build/metadata.py
/home/linuxbrew/.linuxbrew/lib/python3.14/site-packages/pip/_internal/operations/build/metadata_editable.py
/home/linuxbrew/.linuxbrew/lib/python3.14/site-packages/pip/_internal/operations/build/wheel.py
/home/linuxbrew/.linuxbrew/lib/python3.14/site-packages/pip/_internal/operations/build/wheel_editable.py
/home/linuxbrew/.linuxbrew/lib/python3.14/site-packages/pip/_internal/operations/check.py
/home/linuxbrew/.linuxbrew/lib/python3.14/site-packages/pip/_internal/operations/freeze.py
/home/linuxbrew/.linuxbrew/lib/python3.14/site-packages/pip/_internal/operations/install/__init__.py
/home/linuxbrew/.linuxbrew/lib/python3.14/site-packages/pip/_internal/operations/install/wheel.py
/home/linuxbrew/.linuxbrew/lib/python3.14/site-packages/pip/_internal/operations/prepare.py
/home/linuxbrew/.linuxbrew/lib/python3.14/site-packages/pip/_internal/pyproject.py
/home/linuxbrew/.linuxbrew/lib/python3.14/site-packages/pip/_internal/req/__init__.py
/home/linuxbrew/.linuxbrew/lib/python3.14/site-packages/pip/_internal/req/constructors.py
/home/linuxbrew/.linuxbrew/lib/python3.14/site-packages/pip/_internal/req/pep723.py
/home/linuxbrew/.linuxbrew/lib/python3.14/site-packages/pip/_internal/req/req_dependency_group.py
/home/linuxbrew/.linuxbrew/lib/python3.14/site-packages/pip/_internal/req/req_file.py
/home/linuxbrew/.linuxbrew/lib/python3.14/site-packages/pip/_internal/req/req_install.py
/home/linuxbrew/.linuxbrew/lib/python3.14/site-packages/pip/_internal/req/req_set.py
/home/linuxbrew/.linuxbrew/lib/python3.14/site-packages/pip/_internal/req/req_uninstall.py
/home/linuxbrew/.linuxbrew/lib/python3.14/site-packages/pip/_internal/resolution/__init__.py
/home/linuxbrew/.linuxbrew/lib/python3.14/site-packages/pip/_internal/resolution/base.py
/home/linuxbrew/.linuxbrew/lib/python3.14/site-packages/pip/_internal/resolution/legacy/__init__.py
/home/linuxbrew/.linuxbrew/lib/python3.14/site-packages/pip/_internal/resolution/legacy/resolver.py
/home/linuxbrew/.linuxbrew/lib/python3.14/site-packages/pip/_internal/resolution/resolvelib/__init__.py
/home/linuxbrew/.linuxbrew/lib/python3.14/site-packages/pip/_internal/resolution/resolvelib/base.py
/home/linuxbrew/.linuxbrew/lib/python3.14/site-packages/pip/_internal/resolution/resolvelib/candidates.py
/home/linuxbrew/.linuxbrew/lib/python3.14/site-packages/pip/_internal/resolution/resolvelib/factory.py
/home/linuxbrew/.linuxbrew/lib/python3.14/site-packages/pip/_internal/resolution/resolvelib/found_candidates.py
/home/linuxbrew/.linuxbrew/lib/python3.14/site-packages/pip/_internal/resolution/resolvelib/provider.py
/home/linuxbrew/.linuxbrew/lib/python3.14/site-packages/pip/_internal/resolution/resolvelib/reporter.py
/home/linuxbrew/.linuxbrew/lib/python3.14/site-packages/pip/_internal/resolution/resolvelib/requirements.py
/home/linuxbrew/.linuxbrew/lib/python3.14/site-packages/pip/_internal/resolution/resolvelib/resolver.py
/home/linuxbrew/.linuxbrew/lib/python3.14/site-packages/pip/_internal/self_outdated_check.py
/home/linuxbrew/.linuxbrew/lib/python3.14/site-packages/pip/_internal/utils/__init__.py
/home/linuxbrew/.linuxbrew/lib/python3.14/site-packages/pip/_internal/utils/_jaraco_text.py
/home/linuxbrew/.linuxbrew/lib/python3.14/site-packages/pip/_internal/utils/_log.py
/home/linuxbrew/.linuxbrew/lib/python3.14/site-packages/pip/_internal/utils/appdirs.py
/home/linuxbrew/.linuxbrew/lib/python3.14/site-packages/pip/_internal/utils/compat.py
/home/linuxbrew/.linuxbrew/lib/python3.14/site-packages/pip/_internal/utils/compatibility_tags.py
/home/linuxbrew/.linuxbrew/lib/python3.14/site-packages/pip/_internal/utils/datetime.py
/home/linuxbrew/.linuxbrew/lib/python3.14/site-packages/pip/_internal/utils/deprecation.py
/home/linuxbrew/.linuxbrew/lib/python3.14/site-packages/pip/_internal/utils/direct_url_helpers.py
/home/linuxbrew/.linuxbrew/lib/python3.14/site-packages/pip/_internal/utils/egg_link.py
/home/linuxbrew/.linuxbrew/lib/python3.14/site-packages/pip/_internal/utils/entrypoints.py
/home/linuxbrew/.linuxbrew/lib/python3.14/site-packages/pip/_internal/utils/filesystem.py
/home/linuxbrew/.linuxbrew/lib/python3.14/site-packages/pip/_internal/utils/filetypes.py
/home/linuxbrew/.linuxbrew/lib/python3.14/site-packages/pip/_internal/utils/glibc.py
/home/linuxbrew/.linuxbrew/lib/python3.14/site-packages/pip/_internal/utils/hashes.py
/home/linuxbrew/.linuxbrew/lib/python3.14/site-packages/pip/_internal/utils/logging.py
/home/linuxbrew/.linuxbrew/lib/python3.14/site-packages/pip/_internal/utils/misc.py
/home/linuxbrew/.linuxbrew/lib/python3.14/site-packages/pip/_internal/utils/packaging.py
/home/linuxbrew/.linuxbrew/lib/python3.14/site-packages/pip/_internal/utils/pylock.py
/home/linuxbrew/.linuxbrew/lib/python3.14/site-packages/pip/_internal/utils/retry.py
/home/linuxbrew/.linuxbrew/lib/python3.14/site-packages/pip/_internal/utils/subprocess.py
/home/linuxbrew/.linuxbrew/lib/python3.14/site-packages/pip/_internal/utils/temp_dir.py
/home/linuxbrew/.linuxbrew/lib/python3.14/site-packages/pip/_internal/utils/unpacking.py
/home/linuxbrew/.linuxbrew/lib/python3.14/site-packages/pip/_internal/utils/urls.py
/home/linuxbrew/.linuxbrew/lib/python3.14/site-packages/pip/_internal/utils/virtualenv.py
/home/linuxbrew/.linuxbrew/lib/python3.14/site-packages/pip/_internal/utils/wheel.py
/home/linuxbrew/.linuxbrew/lib/python3.14/site-packages/pip/_internal/vcs/__init__.py
/home/linuxbrew/.linuxbrew/lib/python3.14/site-packages/pip/_internal/vcs/bazaar.py
/home/linuxbrew/.linuxbrew/lib/python3.14/site-packages/pip/_internal/vcs/git.py
/home/linuxbrew/.linuxbrew/lib/python3.14/site-packages/pip/_internal/vcs/mercurial.py
/home/linuxbrew/.linuxbrew/lib/python3.14/site-packages/pip/_internal/vcs/subversion.py
/home/linuxbrew/.linuxbrew/lib/python3.14/site-packages/pip/_internal/vcs/versioncontrol.py
/home/linuxbrew/.linuxbrew/lib/python3.14/site-packages/pip/_internal/wheel_builder.py
/home/linuxbrew/.linuxbrew/lib/python3.14/site-packages/pip/_vendor/README.rst
/home/linuxbrew/.linuxbrew/lib/python3.14/site-packages/pip/_vendor/__init__.py
/home/linuxbrew/.linuxbrew/lib/python3.14/site-packages/pip/_vendor/cachecontrol/LICENSE.txt
/home/linuxbrew/.linuxbrew/lib/python3.14/site-packages/pip/_vendor/cachecontrol/__init__.py
/home/linuxbrew/.linuxbrew/lib/python3.14/site-packages/pip/_vendor/cachecontrol/_cmd.py
/home/linuxbrew/.linuxbrew/lib/python3.14/site-packages/pip/_vendor/cachecontrol/adapter.py
/home/linuxbrew/.linuxbrew/lib/python3.14/site-packages/pip/_vendor/cachecontrol/cache.py
/home/linuxbrew/.linuxbrew/lib/python3.14/site-packages/pip/_vendor/cachecontrol/caches/__init__.py
/home/linuxbrew/.linuxbrew/lib/python3.14/site-packages/pip/_vendor/cachecontrol/caches/file_cache.py
/home/linuxbrew/.linuxbrew/lib/python3.14/site-packages/pip/_vendor/cachecontrol/caches/redis_cache.py
/home/linuxbrew/.linuxbrew/lib/python3.14/site-packages/pip/_vendor/cachecontrol/controller.py
/home/linuxbrew/.linuxbrew/lib/python3.14/site-packages/pip/_vendor/cachecontrol/filewrapper.py
/home/linuxbrew/.linuxbrew/lib/python3.14/site-packages/pip/_vendor/cachecontrol/heuristics.py
/home/linuxbrew/.linuxbrew/lib/python3.14/site-packages/pip/_vendor/cachecontrol/py.typed
/home/linuxbrew/.linuxbrew/lib/python3.14/site-packages/pip/_vendor/cachecontrol/serialize.py
/home/linuxbrew/.linuxbrew/lib/python3.14/site-packages/pip/_vendor/cachecontrol/wrapper.py
/home/linuxbrew/.linuxbrew/lib/python3.14/site-packages/pip/_vendor/certifi/LICENSE
/home/linuxbrew/.linuxbrew/lib/python3.14/site-packages/pip/_vendor/certifi/__init__.py
/home/linuxbrew/.linuxbrew/lib/python3.14/site-packages/pip/_vendor/certifi/__main__.py
/home/linuxbrew/.linuxbrew/lib/python3.14/site-packages/pip/_vendor/certifi/cacert.pem
/home/linuxbrew/.linuxbrew/lib/python3.14/site-packages/pip/_vendor/certifi/core.py
/home/linuxbrew/.linuxbrew/lib/python3.14/site-packages/pip/_vendor/certifi/py.typed
/home/linuxbrew/.linuxbrew/lib/python3.14/site-packages/pip/_vendor/distlib/LICENSE.txt
/home/linuxbrew/.linuxbrew/lib/python3.14/site-packages/pip/_vendor/distlib/__init__.py
/home/linuxbrew/.linuxbrew/lib/python3.14/site-packages/pip/_vendor/distlib/compat.py
/home/linuxbrew/.linuxbrew/lib/python3.14/site-packages/pip/_vendor/distlib/resources.py
/home/linuxbrew/.linuxbrew/lib/python3.14/site-packages/pip/_vendor/distlib/scripts.py
/home/linuxbrew/.linuxbrew/lib/python3.14/site-packages/pip/_vendor/distlib/t32.exe
/home/linuxbrew/.linuxbrew/lib/python3.14/site-packages/pip/_vendor/distlib/t64-arm.exe
/home/linuxbrew/.linuxbrew/lib/python3.14/site-packages/pip/_vendor/distlib/t64.exe
/home/linuxbrew/.linuxbrew/lib/python3.14/site-packages/pip/_vendor/distlib/util.py
/home/linuxbrew/.linuxbrew/lib/python3.14/site-packages/pip/_vendor/distlib/w32.exe
/home/linuxbrew/.linuxbrew/lib/python3.14/site-packages/pip/_vendor/distlib/w64-arm.exe
/home/linuxbrew/.linuxbrew/lib/python3.14/site-packages/pip/_vendor/distlib/w64.exe
/home/linuxbrew/.linuxbrew/lib/python3.14/site-packages/pip/_vendor/distro/LICENSE
/home/linuxbrew/.linuxbrew/lib/python3.14/site-packages/pip/_vendor/distro/__init__.py
/home/linuxbrew/.linuxbrew/lib/python3.14/site-packages/pip/_vendor/distro/__main__.py
/home/linuxbrew/.linuxbrew/lib/python3.14/site-packages/pip/_vendor/distro/distro.py
/home/linuxbrew/.linuxbrew/lib/python3.14/site-packages/pip/_vendor/distro/py.typed
/home/linuxbrew/.linuxbrew/lib/python3.14/site-packages/pip/_vendor/idna/LICENSE.md
/home/linuxbrew/.linuxbrew/lib/python3.14/site-packages/pip/_vendor/idna/__init__.py
/home/linuxbrew/.linuxbrew/lib/python3.14/site-packages/pip/_vendor/idna/codec.py
/home/linuxbrew/.linuxbrew/lib/python3.14/site-packages/pip/_vendor/idna/compat.py
/home/linuxbrew/.linuxbrew/lib/python3.14/site-packages/pip/_vendor/idna/core.py
/home/linuxbrew/.linuxbrew/lib/python3.14/site-packages/pip/_vendor/idna/idnadata.py
/home/linuxbrew/.linuxbrew/lib/python3.14/site-packages/pip/_vendor/idna/intranges.py
/home/linuxbrew/.linuxbrew/lib/python3.14/site-packages/pip/_vendor/idna/package_data.py
/home/linuxbrew/.linuxbrew/lib/python3.14/site-packages/pip/_vendor/idna/py.typed
/home/linuxbrew/.linuxbrew/lib/python3.14/site-packages/pip/_vendor/idna/uts46data.py
/home/linuxbrew/.linuxbrew/lib/python3.14/site-packages/pip/_vendor/msgpack/COPYING
/home/linuxbrew/.linuxbrew/lib/python3.14/site-packages/pip/_vendor/msgpack/__init__.py
/home/linuxbrew/.linuxbrew/lib/python3.14/site-packages/pip/_vendor/msgpack/exceptions.py
/home/linuxbrew/.linuxbrew/lib/python3.14/site-packages/pip/_vendor/msgpack/ext.py
/home/linuxbrew/.linuxbrew/lib/python3.14/site-packages/pip/_vendor/msgpack/fallback.py
/home/linuxbrew/.linuxbrew/lib/python3.14/site-packages/pip/_vendor/packaging/LICENSE
/home/linuxbrew/.linuxbrew/lib/python3.14/site-packages/pip/_vendor/packaging/LICENSE.APACHE
/home/linuxbrew/.linuxbrew/lib/python3.14/site-packages/pip/_vendor/packaging/LICENSE.BSD
/home/linuxbrew/.linuxbrew/lib/python3.14/site-packages/pip/_vendor/packaging/__init__.py
/home/linuxbrew/.linuxbrew/lib/python3.14/site-packages/pip/_vendor/packaging/_elffile.py
/home/linuxbrew/.linuxbrew/lib/python3.14/site-packages/pip/_vendor/packaging/_manylinux.py
/home/linuxbrew/.linuxbrew/lib/python3.14/site-packages/pip/_vendor/packaging/_musllinux.py
/home/linuxbrew/.linuxbrew/lib/python3.14/site-packages/pip/_vendor/packaging/_parser.py
/home/linuxbrew/.linuxbrew/lib/python3.14/site-packages/pip/_vendor/packaging/_structures.py
/home/linuxbrew/.linuxbrew/lib/python3.14/site-packages/pip/_vendor/packaging/_tokenizer.py
/home/linuxbrew/.linuxbrew/lib/python3.14/site-packages/pip/_vendor/packaging/dependency_groups.py
/home/linuxbrew/.linuxbrew/lib/python3.14/site-packages/pip/_vendor/packaging/direct_url.py
/home/linuxbrew/.linuxbrew/lib/python3.14/site-packages/pip/_vendor/packaging/errors.py
/home/linuxbrew/.linuxbrew/lib/python3.14/site-packages/pip/_vendor/packaging/licenses/__init__.py
/home/linuxbrew/.linuxbrew/lib/python3.14/site-packages/pip/_vendor/packaging/licenses/_spdx.py
/home/linuxbrew/.linuxbrew/lib/python3.14/site-packages/pip/_vendor/packaging/markers.py
/home/linuxbrew/.linuxbrew/lib/python3.14/site-packages/pip/_vendor/packaging/metadata.py
/home/linuxbrew/.linuxbrew/lib/python3.14/site-packages/pip/_vendor/packaging/py.typed
/home/linuxbrew/.linuxbrew/lib/python3.14/site-packages/pip/_vendor/packaging/pylock.py
/home/linuxbrew/.linuxbrew/lib/python3.14/site-packages/pip/_vendor/packaging/requirements.py
/home/linuxbrew/.linuxbrew/lib/python3.14/site-packages/pip/_vendor/packaging/specifiers.py
/home/linuxbrew/.linuxbrew/lib/python3.14/site-packages/pip/_vendor/packaging/tags.py
/home/linuxbrew/.linuxbrew/lib/python3.14/site-packages/pip/_vendor/packaging/utils.py
/home/linuxbrew/.linuxbrew/lib/python3.14/site-packages/pip/_vendor/packaging/version.py
/home/linuxbrew/.linuxbrew/lib/python3.14/site-packages/pip/_vendor/pkg_resources/LICENSE
/home/linuxbrew/.linuxbrew/lib/python3.14/site-packages/pip/_vendor/pkg_resources/__init__.py
/home/linuxbrew/.linuxbrew/lib/python3.14/site-packages/pip/_vendor/platformdirs/LICENSE
/home/linuxbrew/.linuxbrew/lib/python3.14/site-packages/pip/_vendor/platformdirs/__init__.py
/home/linuxbrew/.linuxbrew/lib/python3.14/site-packages/pip/_vendor/platformdirs/__main__.py
/home/linuxbrew/.linuxbrew/lib/python3.14/site-packages/pip/_vendor/platformdirs/android.py
/home/linuxbrew/.linuxbrew/lib/python3.14/site-packages/pip/_vendor/platformdirs/api.py
/home/linuxbrew/.linuxbrew/lib/python3.14/site-packages/pip/_vendor/platformdirs/macos.py
/home/linuxbrew/.linuxbrew/lib/python3.14/site-packages/pip/_vendor/platformdirs/py.typed
/home/linuxbrew/.linuxbrew/lib/python3.14/site-packages/pip/_vendor/platformdirs/unix.py
/home/linuxbrew/.linuxbrew/lib/python3.14/site-packages/pip/_vendor/platformdirs/version.py
/home/linuxbrew/.linuxbrew/lib/python3.14/site-packages/pip/_vendor/platformdirs/windows.py
/home/linuxbrew/.linuxbrew/lib/python3.14/site-packages/pip/_vendor/pygments/LICENSE
/home/linuxbrew/.linuxbrew/lib/python3.14/site-packages/pip/_vendor/pygments/__init__.py
/home/linuxbrew/.linuxbrew/lib/python3.14/site-packages/pip/_vendor/pygments/__main__.py
/home/linuxbrew/.linuxbrew/lib/python3.14/site-packages/pip/_vendor/pygments/console.py
/home/linuxbrew/.linuxbrew/lib/python3.14/site-packages/pip/_vendor/pygments/filter.py
/home/linuxbrew/.linuxbrew/lib/python3.14/site-packages/pip/_vendor/pygments/filters/__init__.py
/home/linuxbrew/.linuxbrew/lib/python3.14/site-packages/pip/_vendor/pygments/formatter.py
/home/linuxbrew/.linuxbrew/lib/python3.14/site-packages/pip/_vendor/pygments/formatters/__init__.py
/home/linuxbrew/.linuxbrew/lib/python3.14/site-packages/pip/_vendor/pygments/formatters/_mapping.py
/home/linuxbrew/.linuxbrew/lib/python3.14/site-packages/pip/_vendor/pygments/lexer.py
/home/linuxbrew/.linuxbrew/lib/python3.14/site-packages/pip/_vendor/pygments/lexers/__init__.py
/home/linuxbrew/.linuxbrew/lib/python3.14/site-packages/pip/_vendor/pygments/lexers/_mapping.py
/home/linuxbrew/.linuxbrew/lib/python3.14/site-packages/pip/_vendor/pygments/lexers/python.py
/home/linuxbrew/.linuxbrew/lib/python3.14/site-packages/pip/_vendor/pygments/modeline.py
/home/linuxbrew/.linuxbrew/lib/python3.14/site-packages/pip/_vendor/pygments/plugin.py
/home/linuxbrew/.linuxbrew/lib/python3.14/site-packages/pip/_vendor/pygments/regexopt.py
/home/linuxbrew/.linuxbrew/lib/python3.14/site-packages/pip/_vendor/pygments/scanner.py
/home/linuxbrew/.linuxbrew/lib/python3.14/site-packages/pip/_vendor/pygments/sphinxext.py
/home/linuxbrew/.linuxbrew/lib/python3.14/site-packages/pip/_vendor/pygments/style.py
/home/linuxbrew/.linuxbrew/lib/python3.14/site-packages/pip/_vendor/pygments/styles/__init__.py
/home/linuxbrew/.linuxbrew/lib/python3.14/site-packages/pip/_vendor/pygments/styles/_mapping.py
/home/linuxbrew/.linuxbrew/lib/python3.14/site-packages/pip/_vendor/pygments/token.py
/home/linuxbrew/.linuxbrew/lib/python3.14/site-packages/pip/_vendor/pygments/unistring.py
/home/linuxbrew/.linuxbrew/lib/python3.14/site-packages/pip/_vendor/pygments/util.py
/home/linuxbrew/.linuxbrew/lib/python3.14/site-packages/pip/_vendor/pyproject_hooks/LICENSE
/home/linuxbrew/.linuxbrew/lib/python3.14/site-packages/pip/_vendor/pyproject_hooks/__init__.py
/home/linuxbrew/.linuxbrew/lib/python3.14/site-packages/pip/_vendor/pyproject_hooks/_impl.py
/home/linuxbrew/.linuxbrew/lib/python3.14/site-packages/pip/_vendor/pyproject_hooks/_in_process/__init__.py
/home/linuxbrew/.linuxbrew/lib/python3.14/site-packages/pip/_vendor/pyproject_hooks/_in_process/_in_process.py
/home/linuxbrew/.linuxbrew/lib/python3.14/site-packages/pip/_vendor/pyproject_hooks/py.typed
/home/linuxbrew/.linuxbrew/lib/python3.14/site-packages/pip/_vendor/requests/LICENSE
/home/linuxbrew/.linuxbrew/lib/python3.14/site-packages/pip/_vendor/requests/__init__.py
/home/linuxbrew/.linuxbrew/lib/python3.14/site-packages/pip/_vendor/requests/__version__.py
/home/linuxbrew/.linuxbrew/lib/python3.14/site-packages/pip/_vendor/requests/_internal_utils.py
/home/linuxbrew/.linuxbrew/lib/python3.14/site-packages/pip/_vendor/requests/adapters.py
/home/linuxbrew/.linuxbrew/lib/python3.14/site-packages/pip/_vendor/requests/api.py
/home/linuxbrew/.linuxbrew/lib/python3.14/site-packages/pip/_vendor/requests/auth.py
/home/linuxbrew/.linuxbrew/lib/python3.14/site-packages/pip/_vendor/requests/certs.py
/home/linuxbrew/.linuxbrew/lib/python3.14/site-packages/pip/_vendor/requests/compat.py
/home/linuxbrew/.linuxbrew/lib/python3.14/site-packages/pip/_vendor/requests/cookies.py
/home/linuxbrew/.linuxbrew/lib/python3.14/site-packages/pip/_vendor/requests/exceptions.py
/home/linuxbrew/.linuxbrew/lib/python3.14/site-packages/pip/_vendor/requests/help.py
/home/linuxbrew/.linuxbrew/lib/python3.14/site-packages/pip/_vendor/requests/hooks.py
/home/linuxbrew/.linuxbrew/lib/python3.14/site-packages/pip/_vendor/requests/models.py
/home/linuxbrew/.linuxbrew/lib/python3.14/site-packages/pip/_vendor/requests/packages.py
/home/linuxbrew/.linuxbrew/lib/python3.14/site-packages/pip/_vendor/requests/sessions.py
/home/linuxbrew/.linuxbrew/lib/python3.14/site-packages/pip/_vendor/requests/status_codes.py
/home/linuxbrew/.linuxbrew/lib/python3.14/site-packages/pip/_vendor/requests/structures.py
/home/linuxbrew/.linuxbrew/lib/python3.14/site-packages/pip/_vendor/requests/utils.py
/home/linuxbrew/.linuxbrew/lib/python3.14/site-packages/pip/_vendor/resolvelib/LICENSE
/home/linuxbrew/.linuxbrew/lib/python3.14/site-packages/pip/_vendor/resolvelib/__init__.py
/home/linuxbrew/.linuxbrew/lib/python3.14/site-packages/pip/_vendor/resolvelib/providers.py
/home/linuxbrew/.linuxbrew/lib/python3.14/site-packages/pip/_vendor/resolvelib/py.typed
/home/linuxbrew/.linuxbrew/lib/python3.14/site-packages/pip/_vendor/resolvelib/reporters.py
/home/linuxbrew/.linuxbrew/lib/python3.14/site-packages/pip/_vendor/resolvelib/resolvers/__init__.py
/home/linuxbrew/.linuxbrew/lib/python3.14/site-packages/pip/_vendor/resolvelib/resolvers/abstract.py
/home/linuxbrew/.linuxbrew/lib/python3.14/site-packages/pip/_vendor/resolvelib/resolvers/criterion.py
/home/linuxbrew/.linuxbrew/lib/python3.14/site-packages/pip/_vendor/resolvelib/resolvers/exceptions.py
/home/linuxbrew/.linuxbrew/lib/python3.14/site-packages/pip/_vendor/resolvelib/resolvers/resolution.py
/home/linuxbrew/.linuxbrew/lib/python3.14/site-packages/pip/_vendor/resolvelib/structs.py
/home/linuxbrew/.linuxbrew/lib/python3.14/site-packages/pip/_vendor/rich/LICENSE
/home/linuxbrew/.linuxbrew/lib/python3.14/site-packages/pip/_vendor/rich/__init__.py
/home/linuxbrew/.linuxbrew/lib/python3.14/site-packages/pip/_vendor/rich/__main__.py
/home/linuxbrew/.linuxbrew/lib/python3.14/site-packages/pip/_vendor/rich/_cell_widths.py
/home/linuxbrew/.linuxbrew/lib/python3.14/site-packages/pip/_vendor/rich/_emoji_codes.py
/home/linuxbrew/.linuxbrew/lib/python3.14/site-packages/pip/_vendor/rich/_emoji_replace.py
/home/linuxbrew/.linuxbrew/lib/python3.14/site-packages/pip/_vendor/rich/_export_format.py
/home/linuxbrew/.linuxbrew/lib/python3.14/site-packages/pip/_vendor/rich/_extension.py
/home/linuxbrew/.linuxbrew/lib/python3.14/site-packages/pip/_vendor/rich/_fileno.py
/home/linuxbrew/.linuxbrew/lib/python3.14/site-packages/pip/_vendor/rich/_inspect.py
/home/linuxbrew/.linuxbrew/lib/python3.14/site-packages/pip/_vendor/rich/_log_render.py
/home/linuxbrew/.linuxbrew/lib/python3.14/site-packages/pip/_vendor/rich/_loop.py
/home/linuxbrew/.linuxbrew/lib/python3.14/site-packages/pip/_vendor/rich/_null_file.py
/home/linuxbrew/.linuxbrew/lib/python3.14/site-packages/pip/_vendor/rich/_palettes.py
/home/linuxbrew/.linuxbrew/lib/python3.14/site-packages/pip/_vendor/rich/_pick.py
/home/linuxbrew/.linuxbrew/lib/python3.14/site-packages/pip/_vendor/rich/_ratio.py
/home/linuxbrew/.linuxbrew/lib/python3.14/site-packages/pip/_vendor/rich/_spinners.py
/home/linuxbrew/.linuxbrew/lib/python3.14/site-packages/pip/_vendor/rich/_stack.py
/home/linuxbrew/.linuxbrew/lib/python3.14/site-packages/pip/_vendor/rich/_timer.py
/home/linuxbrew/.linuxbrew/lib/python3.14/site-packages/pip/_vendor/rich/_win32_console.py
/home/linuxbrew/.linuxbrew/lib/python3.14/site-packages/pip/_vendor/rich/_windows.py
/home/linuxbrew/.linuxbrew/lib/python3.14/site-packages/pip/_vendor/rich/_windows_renderer.py
/home/linuxbrew/.linuxbrew/lib/python3.14/site-packages/pip/_vendor/rich/_wrap.py
/home/linuxbrew/.linuxbrew/lib/python3.14/site-packages/pip/_vendor/rich/abc.py
/home/linuxbrew/.linuxbrew/lib/python3.14/site-packages/pip/_vendor/rich/align.py
/home/linuxbrew/.linuxbrew/lib/python3.14/site-packages/pip/_vendor/rich/ansi.py
/home/linuxbrew/.linuxbrew/lib/python3.14/site-packages/pip/_vendor/rich/bar.py
/home/linuxbrew/.linuxbrew/lib/python3.14/site-packages/pip/_vendor/rich/box.py
/home/linuxbrew/.linuxbrew/lib/python3.14/site-packages/pip/_vendor/rich/cells.py
/home/linuxbrew/.linuxbrew/lib/python3.14/site-packages/pip/_vendor/rich/color.py
/home/linuxbrew/.linuxbrew/lib/python3.14/site-packages/pip/_vendor/rich/color_triplet.py
/home/linuxbrew/.linuxbrew/lib/python3.14/site-packages/pip/_vendor/rich/columns.py
/home/linuxbrew/.linuxbrew/lib/python3.14/site-packages/pip/_vendor/rich/console.py
/home/linuxbrew/.linuxbrew/lib/python3.14/site-packages/pip/_vendor/rich/constrain.py
/home/linuxbrew/.linuxbrew/lib/python3.14/site-packages/pip/_vendor/rich/containers.py
/home/linuxbrew/.linuxbrew/lib/python3.14/site-packages/pip/_vendor/rich/control.py
/home/linuxbrew/.linuxbrew/lib/python3.14/site-packages/pip/_vendor/rich/default_styles.py
/home/linuxbrew/.linuxbrew/lib/python3.14/site-packages/pip/_vendor/rich/diagnose.py
/home/linuxbrew/.linuxbrew/lib/python3.14/site-packages/pip/_vendor/rich/emoji.py
/home/linuxbrew/.linuxbrew/lib/python3.14/site-packages/pip/_vendor/rich/errors.py
/home/linuxbrew/.linuxbrew/lib/python3.14/site-packages/pip/_vendor/rich/file_proxy.py
/home/linuxbrew/.linuxbrew/lib/python3.14/site-packages/pip/_vendor/rich/filesize.py
/home/linuxbrew/.linuxbrew/lib/python3.14/site-packages/pip/_vendor/rich/highlighter.py
/home/linuxbrew/.linuxbrew/lib/python3.14/site-packages/pip/_vendor/rich/json.py
/home/linuxbrew/.linuxbrew/lib/python3.14/site-packages/pip/_vendor/rich/jupyter.py
/home/linuxbrew/.linuxbrew/lib/python3.14/site-packages/pip/_vendor/rich/layout.py
/home/linuxbrew/.linuxbrew/lib/python3.14/site-packages/pip/_vendor/rich/live.py
/home/linuxbrew/.linuxbrew/lib/python3.14/site-packages/pip/_vendor/rich/live_render.py
/home/linuxbrew/.linuxbrew/lib/python3.14/site-packages/pip/_vendor/rich/logging.py
/home/linuxbrew/.linuxbrew/lib/python3.14/site-packages/pip/_vendor/rich/markup.py
/home/linuxbrew/.linuxbrew/lib/python3.14/site-packages/pip/_vendor/rich/measure.py
/home/linuxbrew/.linuxbrew/lib/python3.14/site-packages/pip/_vendor/rich/padding.py
/home/linuxbrew/.linuxbrew/lib/python3.14/site-packages/pip/_vendor/rich/pager.py
/home/linuxbrew/.linuxbrew/lib/python3.14/site-packages/pip/_vendor/rich/palette.py
/home/linuxbrew/.linuxbrew/lib/python3.14/site-packages/pip/_vendor/rich/panel.py
/home/linuxbrew/.linuxbrew/lib/python3.14/site-packages/pip/_vendor/rich/pretty.py
/home/linuxbrew/.linuxbrew/lib/python3.14/site-packages/pip/_vendor/rich/progress.py
/home/linuxbrew/.linuxbrew/lib/python3.14/site-packages/pip/_vendor/rich/progress_bar.py
/home/linuxbrew/.linuxbrew/lib/python3.14/site-packages/pip/_vendor/rich/prompt.py
/home/linuxbrew/.linuxbrew/lib/python3.14/site-packages/pip/_vendor/rich/protocol.py
/home/linuxbrew/.linuxbrew/lib/python3.14/site-packages/pip/_vendor/rich/py.typed
/home/linuxbrew/.linuxbrew/lib/python3.14/site-packages/pip/_vendor/rich/region.py
/home/linuxbrew/.linuxbrew/lib/python3.14/site-packages/pip/_vendor/rich/repr.pyWarning: These files were overwritten during the `brew link` step:

/home/linuxbrew/.linuxbrew/lib/python3.14/site-packages/pip/_vendor/rich/rule.py
/home/linuxbrew/.linuxbrew/lib/python3.14/site-packages/pip/_vendor/rich/scope.py
/home/linuxbrew/.linuxbrew/lib/python3.14/site-packages/pip/_vendor/rich/screen.py
/home/linuxbrew/.linuxbrew/lib/python3.14/site-packages/pip/_vendor/rich/segment.py
/home/linuxbrew/.linuxbrew/lib/python3.14/site-packages/pip/_vendor/rich/spinner.py
/home/linuxbrew/.linuxbrew/lib/python3.14/site-packages/pip/_vendor/rich/status.py
/home/linuxbrew/.linuxbrew/lib/python3.14/site-packages/pip/_vendor/rich/style.py
/home/linuxbrew/.linuxbrew/lib/python3.14/site-packages/pip/_vendor/rich/styled.py
/home/linuxbrew/.linuxbrew/lib/python3.14/site-packages/pip/_vendor/rich/syntax.py
/home/linuxbrew/.linuxbrew/lib/python3.14/site-packages/pip/_vendor/rich/table.py
/home/linuxbrew/.linuxbrew/lib/python3.14/site-packages/pip/_vendor/rich/terminal_theme.py
/home/linuxbrew/.linuxbrew/lib/python3.14/site-packages/pip/_vendor/rich/text.py
/home/linuxbrew/.linuxbrew/lib/python3.14/site-packages/pip/_vendor/rich/theme.py
/home/linuxbrew/.linuxbrew/lib/python3.14/site-packages/pip/_vendor/rich/themes.py
/home/linuxbrew/.linuxbrew/lib/python3.14/site-packages/pip/_vendor/rich/traceback.py
/home/linuxbrew/.linuxbrew/lib/python3.14/site-packages/pip/_vendor/rich/tree.py
/home/linuxbrew/.linuxbrew/lib/python3.14/site-packages/pip/_vendor/tomli/LICENSE
/home/linuxbrew/.linuxbrew/lib/python3.14/site-packages/pip/_vendor/tomli/__init__.py
/home/linuxbrew/.linuxbrew/lib/python3.14/site-packages/pip/_vendor/tomli/_parser.py
/home/linuxbrew/.linuxbrew/lib/python3.14/site-packages/pip/_vendor/tomli/_re.py
/home/linuxbrew/.linuxbrew/lib/python3.14/site-packages/pip/_vendor/tomli/_types.py
/home/linuxbrew/.linuxbrew/lib/python3.14/site-packages/pip/_vendor/tomli/py.typed
/home/linuxbrew/.linuxbrew/lib/python3.14/site-packages/pip/_vendor/tomli_w/LICENSE
/home/linuxbrew/.linuxbrew/lib/python3.14/site-packages/pip/_vendor/tomli_w/__init__.py
/home/linuxbrew/.linuxbrew/lib/python3.14/site-packages/pip/_vendor/tomli_w/_writer.py
/home/linuxbrew/.linuxbrew/lib/python3.14/site-packages/pip/_vendor/tomli_w/py.typed
/home/linuxbrew/.linuxbrew/lib/python3.14/site-packages/pip/_vendor/truststore/LICENSE
/home/linuxbrew/.linuxbrew/lib/python3.14/site-packages/pip/_vendor/truststore/__init__.py
/home/linuxbrew/.linuxbrew/lib/python3.14/site-packages/pip/_vendor/truststore/_api.py
/home/linuxbrew/.linuxbrew/lib/python3.14/site-packages/pip/_vendor/truststore/_macos.py
/home/linuxbrew/.linuxbrew/lib/python3.14/site-packages/pip/_vendor/truststore/_openssl.py
/home/linuxbrew/.linuxbrew/lib/python3.14/site-packages/pip/_vendor/truststore/_ssl_constants.py
/home/linuxbrew/.linuxbrew/lib/python3.14/site-packages/pip/_vendor/truststore/_windows.py
/home/linuxbrew/.linuxbrew/lib/python3.14/site-packages/pip/_vendor/truststore/py.typed
/home/linuxbrew/.linuxbrew/lib/python3.14/site-packages/pip/_vendor/urllib3/LICENSE.txt
/home/linuxbrew/.linuxbrew/lib/python3.14/site-packages/pip/_vendor/urllib3/__init__.py
/home/linuxbrew/.linuxbrew/lib/python3.14/site-packages/pip/_vendor/urllib3/_base_connection.py
/home/linuxbrew/.linuxbrew/lib/python3.14/site-packages/pip/_vendor/urllib3/_collections.py
/home/linuxbrew/.linuxbrew/lib/python3.14/site-packages/pip/_vendor/urllib3/_request_methods.py
/home/linuxbrew/.linuxbrew/lib/python3.14/site-packages/pip/_vendor/urllib3/_version.py
/home/linuxbrew/.linuxbrew/lib/python3.14/site-packages/pip/_vendor/urllib3/connection.py
/home/linuxbrew/.linuxbrew/lib/python3.14/site-packages/pip/_vendor/urllib3/connectionpool.py
/home/linuxbrew/.linuxbrew/lib/python3.14/site-packages/pip/_vendor/urllib3/contrib/__init__.py
/home/linuxbrew/.linuxbrew/lib/python3.14/site-packages/pip/_vendor/urllib3/contrib/emscripten/__init__.py
/home/linuxbrew/.linuxbrew/lib/python3.14/site-packages/pip/_vendor/urllib3/contrib/emscripten/connection.py
/home/linuxbrew/.linuxbrew/lib/python3.14/site-packages/pip/_vendor/urllib3/contrib/emscripten/emscripten_fetch_worker.js
/home/linuxbrew/.linuxbrew/lib/python3.14/site-packages/pip/_vendor/urllib3/contrib/emscripten/fetch.py
/home/linuxbrew/.linuxbrew/lib/python3.14/site-packages/pip/_vendor/urllib3/contrib/emscripten/request.py
/home/linuxbrew/.linuxbrew/lib/python3.14/site-packages/pip/_vendor/urllib3/contrib/emscripten/response.py
/home/linuxbrew/.linuxbrew/lib/python3.14/site-packages/pip/_vendor/urllib3/contrib/pyopenssl.py
/home/linuxbrew/.linuxbrew/lib/python3.14/site-packages/pip/_vendor/urllib3/contrib/socks.py
/home/linuxbrew/.linuxbrew/lib/python3.14/site-packages/pip/_vendor/urllib3/exceptions.py
/home/linuxbrew/.linuxbrew/lib/python3.14/site-packages/pip/_vendor/urllib3/fields.py
/home/linuxbrew/.linuxbrew/lib/python3.14/site-packages/pip/_vendor/urllib3/filepost.py
/home/linuxbrew/.linuxbrew/lib/python3.14/site-packages/pip/_vendor/urllib3/http2/__init__.py
/home/linuxbrew/.linuxbrew/lib/python3.14/site-packages/pip/_vendor/urllib3/http2/connection.py
/home/linuxbrew/.linuxbrew/lib/python3.14/site-packages/pip/_vendor/urllib3/http2/probe.py
/home/linuxbrew/.linuxbrew/lib/python3.14/site-packages/pip/_vendor/urllib3/poolmanager.py
/home/linuxbrew/.linuxbrew/lib/python3.14/site-packages/pip/_vendor/urllib3/py.typed
/home/linuxbrew/.linuxbrew/lib/python3.14/site-packages/pip/_vendor/urllib3/response.py
/home/linuxbrew/.linuxbrew/lib/python3.14/site-packages/pip/_vendor/urllib3/util/__init__.py
/home/linuxbrew/.linuxbrew/lib/python3.14/site-packages/pip/_vendor/urllib3/util/connection.py
/home/linuxbrew/.linuxbrew/lib/python3.14/site-packages/pip/_vendor/urllib3/util/proxy.py
/home/linuxbrew/.linuxbrew/lib/python3.14/site-packages/pip/_vendor/urllib3/util/request.py
/home/linuxbrew/.linuxbrew/lib/python3.14/site-packages/pip/_vendor/urllib3/util/response.py
/home/linuxbrew/.linuxbrew/lib/python3.14/site-packages/pip/_vendor/urllib3/util/retry.py
/home/linuxbrew/.linuxbrew/lib/python3.14/site-packages/pip/_vendor/urllib3/util/ssl_.py
/home/linuxbrew/.linuxbrew/lib/python3.14/site-packages/pip/_vendor/urllib3/util/ssl_match_hostname.py
/home/linuxbrew/.linuxbrew/lib/python3.14/site-packages/pip/_vendor/urllib3/util/ssltransport.py
/home/linuxbrew/.linuxbrew/lib/python3.14/site-packages/pip/_vendor/urllib3/util/timeout.py
/home/linuxbrew/.linuxbrew/lib/python3.14/site-packages/pip/_vendor/urllib3/util/url.py
/home/linuxbrew/.linuxbrew/lib/python3.14/site-packages/pip/_vendor/urllib3/util/util.py
/home/linuxbrew/.linuxbrew/lib/python3.14/site-packages/pip/_vendor/urllib3/util/wait.py
/home/linuxbrew/.linuxbrew/lib/python3.14/site-packages/pip/_vendor/vendor.txt
/home/linuxbrew/.linuxbrew/lib/python3.14/site-packages/pip/py.typed
/home/linuxbrew/.linuxbrew/bin/pip3

They have been backed up to: /home/superuser/.cache/Homebrew/Backup
==> Summary
🍺  /home/linuxbrew/.linuxbrew/Cellar/python@3.14/3.14.8: 3,330 files, 81MB
==> Installing openjdk@25 dependency: glib
==> Pouring glib--2.90.0.x86_64_linux.bottle.tar.gz
🍺  /home/linuxbrew/.linuxbrew/Cellar/glib/2.90.0: 509 files, 42.7MB
==> Installing openjdk@25 dependency: xorgproto
==> Pouring xorgproto--2026.1.x86_64_linux.bottle.tar.gz
🍺  /home/linuxbrew/.linuxbrew/Cellar/xorgproto/2026.1: 268 files, 4.1MB
==> Installing openjdk@25 dependency: libxau
==> Pouring libxau--1.0.12.x86_64_linux.bottle.tar.gz
🍺  /home/linuxbrew/.linuxbrew/Cellar/libxau/1.0.12: 22 files, 115.1KB
==> Installing openjdk@25 dependency: libxdmcp
==> Pouring libxdmcp--1.1.5.x86_64_linux.bottle.tar.gz
🍺  /home/linuxbrew/.linuxbrew/Cellar/libxdmcp/1.1.5: 12 files, 128.7KB
==> Installing openjdk@25 dependency: libxcb
==> Pouring libxcb--1.17.0.x86_64_linux.bottle.1.tar.gz
🍺  /home/linuxbrew/.linuxbrew/Cellar/libxcb/1.17.0: 2,498 files, 7.3MB
==> Installing openjdk@25 dependency: libx11
==> Pouring libx11--1.8.13.x86_64_linux.bottle.1.tar.gz
🍺  /home/linuxbrew/.linuxbrew/Cellar/libx11/1.8.13: 1,050 files, 8.2MB
==> Installing openjdk@25 dependency: libxext
==> Pouring libxext--1.3.7.x86_64_linux.bottle.tar.gz
🍺  /home/linuxbrew/.linuxbrew/Cellar/libxext/1.3.7: 89 files, 491.6KB
==> Installing openjdk@25 dependency: libxrender
==> Pouring libxrender--0.9.12.x86_64_linux.bottle.tar.gz
🍺  /home/linuxbrew/.linuxbrew/Cellar/libxrender/0.9.12: 14 files, 217.4KB
==> Installing openjdk@25 dependency: lzo
==> Pouring lzo--2.10.x86_64_linux.bottle.tar.gz
🍺  /home/linuxbrew/.linuxbrew/Cellar/lzo/2.10: 32 files, 668.8KB
==> Installing openjdk@25 dependency: pixman
==> Pouring pixman--0.46.4.x86_64_linux.bottle.1.tar.gz
🍺  /home/linuxbrew/.linuxbrew/Cellar/pixman/0.46.4: 12 files, 1.8MB
==> Installing openjdk@25 dependency: cairo
==> Pouring cairo--1.18.6.x86_64_linux.bottle.tar.gz
🍺  /home/linuxbrew/.linuxbrew/Cellar/cairo/1.18.6: 56 files, 5.8MB
==> Installing openjdk@25 dependency: graphite2
==> Pouring graphite2--1.3.15.x86_64_linux.bottle.tar.gz
🍺  /home/linuxbrew/.linuxbrew/Cellar/graphite2/1.3.15: 19 files, 297.5KB
==> Installing openjdk@25 dependency: icu4c@78
==> Pouring icu4c@78--78.3.x86_64_linux.bottle.tar.gz
🍺  /home/linuxbrew/.linuxbrew/Cellar/icu4c@78/78.3: 279 files, 94.4MB
==> Installing openjdk@25 dependency: harfbuzz
==> Pouring harfbuzz--14.5.1.x86_64_linux.bottle.tar.gz
🍺  /home/linuxbrew/.linuxbrew/Cellar/harfbuzz/14.5.1: 103 files, 17.2MB
==> Installing openjdk@25 dependency: jpeg-turbo
==> Pouring jpeg-turbo--3.2.0.x86_64_linux.bottle.1.tar.gz
🍺  /home/linuxbrew/.linuxbrew/Cellar/jpeg-turbo/3.2.0: 47 files, 5.9MB
==> Installing openjdk@25 dependency: webp
==> Pouring webp--1.6.0.x86_64_linux.bottle.1.tar.gz
🍺  /home/linuxbrew/.linuxbrew/Cellar/webp/1.6.0: 63 files, 3.3MB
==> Installing openjdk@25 dependency: libtiff
==> Pouring libtiff--4.7.2.x86_64_linux.bottle.2.tar.gz
🍺  /home/linuxbrew/.linuxbrew/Cellar/libtiff/4.7.2: 495 files, 9.0MB
==> Installing openjdk@25 dependency: little-cms2
==> Pouring little-cms2--2.19.1.x86_64_linux.bottle.1.tar.gz
🍺  /home/linuxbrew/.linuxbrew/Cellar/little-cms2/2.19.1: 24 files, 1.6MB
==> Installing openjdk@25 dependency: alsa-lib
==> Pouring alsa-lib--1.2.16.1_1.x86_64_linux.bottle.tar.gz
🍺  /home/linuxbrew/.linuxbrew/Cellar/alsa-lib/1.2.16.1_1: 147 files, 2.4MB
==> Installing openjdk@25 dependency: libxfixes
==> Pouring libxfixes--6.0.2.x86_64_linux.bottle.tar.gz
🍺  /home/linuxbrew/.linuxbrew/Cellar/libxfixes/6.0.2: 14 files, 122.5KB
==> Installing openjdk@25 dependency: libxi
==> Pouring libxi--1.8.3.x86_64_linux.bottle.tar.gz
🍺  /home/linuxbrew/.linuxbrew/Cellar/libxi/1.8.3: 87 files, 775.9KB
==> Installing openjdk@25 dependency: libxrandr
==> Pouring libxrandr--1.5.5.x86_64_linux.bottle.tar.gz
🍺  /home/linuxbrew/.linuxbrew/Cellar/libxrandr/1.5.5: 28 files, 233KB
==> Installing openjdk@25 dependency: libxtst
==> Pouring libxtst--1.2.5.x86_64_linux.bottle.tar.gz
🍺  /home/linuxbrew/.linuxbrew/Cellar/libxtst/1.2.5: 24 files, 144.3KB
==> Installing openjdk@25 dependency: cups
==> Pouring cups--2.4.19.x86_64_linux.bottle.tar.gz
🍺  /home/linuxbrew/.linuxbrew/Cellar/cups/2.4.19: 122 files, 10MB
==> Installing openjdk@25
==> Pouring openjdk@25--25.0.4.1.x86_64_linux.bottle.tar.gz
🍺  /home/linuxbrew/.linuxbrew/Cellar/openjdk@25/25.0.4.1: 553 files, 402.0MB
==> Caveats
==> python@3.14
Python is installed as
  /home/linuxbrew/.linuxbrew/bin/python3

Unversioned symlinks `python`, `python-config`, `pip` etc. pointing to
`python3`, `python3-config`, `pip3` etc., respectively, are installed into
  /home/linuxbrew/.linuxbrew/opt/python@3.14/libexec/bin

`idle3.14` requires tkinter, which is available separately:
  brew install python-tk@3.14

`dbm.gnu` and `dbm.ndbm` are available separately:
  brew install python-gdbm@3.14

For more information about Homebrew and Python, see: https://docs.brew.sh/Homebrew-and-Python

The following python@3.14 executables are shadowed by other commands earlier in your PATH:
  pip3.14 (shadowed by /home/linuxbrew/.linuxbrew/bin/pip3.14)
  pydoc3 (shadowed by /usr/bin/pydoc3)
  python3 (shadowed by /usr/bin/python3)
Running these by name will not invoke the version provided by Homebrew.
Disable this behaviour by setting `HOMEBREW_NO_PATH_SHADOW_CHECK=1`.
Hide these hints with `HOMEBREW_NO_ENV_HINTS=1` (see `man brew`).
